// Jest Snapshot v1, https://goo.gl/fbAQLP

exports[`it renders correctly only one food 1`] = `
<div
  className="col-12 col-md-4 p-0"
>
  <a
    className="m-2 nav-link p-0 my_card"
    href="/DetailPage/{item.idMeal}"
    onClick={[Function]}
  >
    <div
      className="m-2"
      onClick={[Function]}
    >
      <img
        alt="food"
        className="landing-page-img"
      />
      <div>
        <h5
          className="text-center card_link"
        />
      </div>
    </div>
  </a>
</div>
`;

exports[`should render filterpage page correctly 1`] = `
<div
  className="col-12 col-md-4 p-0"
>
  <a
    className="m-2 nav-link p-0 my_card"
    href="/DetailPage/{item.idMeal}"
    onClick={[Function]}
  >
    <div
      className="m-2"
      onClick={[Function]}
    >
      <img
        alt="food"
        className="landing-page-img"
      />
      <div>
        <h5
          className="text-center card_link"
        />
      </div>
    </div>
  </a>
</div>
`;
